// Jest Snapshot v1, https://goo.gl/fbAQLP

exports[`schema/application_config_schema.js application config schema must match to the snapshot. 1`] = `
Object {
  "additionalProperties": false,
  "default": Object {
    "app": Object {
      "genesisConfig": Object {
        "BLOCK_TIME": 10,
        "EPOCH_TIME": "2016-05-24T17:00:00.000Z",
        "MAX_TRANSACTIONS_PER_BLOCK": 25,
        "REWARDS": Object {
          "DISTANCE": 3000000,
          "MILESTONES": Array [
            "500000000",
            "400000000",
            "300000000",
            "200000000",
            "100000000",
          ],
          "OFFSET": 2160,
        },
      },
      "ipc": Object {
        "enabled": false,
      },
    },
    "components": Object {
      "cache": Object {},
      "logger": Object {},
      "storage": Object {},
      "system": Object {},
    },
    "modules": Object {
      "chain": Object {},
      "http_api": Object {},
    },
  },
  "id": "#/app/config",
  "properties": Object {
    "app": Object {
      "properties": Object {
        "genesisConfig": Object {
          "additionalProperties": false,
          "id": "#/app/genesisConfig",
          "properties": Object {
            "BLOCK_TIME": Object {
              "description": "Slot time interval in seconds",
              "min": 1,
              "type": "number",
            },
            "EPOCH_TIME": Object {
              "description": "Timestamp indicating the start of Lisk Core (\`Date.toISOString()\`)",
              "format": "date-time",
              "type": "string",
            },
            "MAX_TRANSACTIONS_PER_BLOCK": Object {
              "description": "Maximum number of transactions allowed per block",
              "min": 1,
              "type": "integer",
            },
            "REWARDS": Object {
              "additionalProperties": false,
              "description": "Object representing LSK rewards milestone",
              "id": "rewards",
              "properties": Object {
                "DISTANCE": Object {
                  "description": "Distance between each milestone",
                  "min": 1,
                  "type": "integer",
                },
                "MILESTONES": Object {
                  "description": "Initial 5, and decreasing until 1",
                  "items": Object {
                    "format": "amount",
                    "type": "string",
                  },
                  "type": "array",
                },
                "OFFSET": Object {
                  "description": "Start rewards at block (n)",
                  "min": 1,
                  "type": "integer",
                },
              },
              "required": Array [
                "MILESTONES",
                "OFFSET",
                "DISTANCE",
              ],
              "type": "object",
            },
          },
          "required": Array [
            "EPOCH_TIME",
            "BLOCK_TIME",
            "MAX_TRANSACTIONS_PER_BLOCK",
            "REWARDS",
          ],
          "type": "object",
        },
        "initialState": Object {
          "id": "#/app/initialState",
          "properties": Object {
            "httpPort": Object {
              "type": "integer",
            },
            "minVersion": Object {
              "type": "string",
            },
            "nethash": Object {
              "type": "string",
            },
            "nonce": Object {
              "type": "string",
            },
            "protocolVersion": Object {
              "type": "string",
            },
            "version": Object {
              "type": "string",
            },
            "wsPort": Object {
              "type": "integer",
            },
          },
          "type": "object",
        },
        "ipc": Object {
          "properties": Object {
            "enabled": Object {
              "type": "boolean",
            },
          },
          "type": "object",
        },
        "label": Object {
          "pattern": "^[a-zA-Z][0-9a-zA-Z\\\\_\\\\-]*$",
          "type": "string",
        },
        "minVersion": Object {
          "format": "version",
          "type": "string",
        },
        "protocolVersion": Object {
          "format": "protocolVersion",
          "type": "string",
        },
        "version": Object {
          "format": "version",
          "type": "string",
        },
      },
      "required": Array [
        "version",
        "minVersion",
        "protocolVersion",
        "ipc",
        "genesisConfig",
      ],
      "type": "object",
    },
    "components": Object {
      "properties": Object {
        "cache": Object {
          "type": "object",
        },
        "logger": Object {
          "type": "object",
        },
        "storage": Object {
          "type": "object",
        },
      },
      "required": Array [
        "logger",
        "cache",
        "storage",
      ],
      "type": "object",
    },
    "modules": Object {
      "properties": Object {
        "chain": Object {
          "type": "object",
        },
        "http_api": Object {
          "type": "object",
        },
      },
      "required": Array [
        "chain",
        "http_api",
      ],
      "type": "object",
    },
  },
  "required": Array [
    "app",
    "components",
    "modules",
  ],
  "type": "object",
}
`;
