// Jest Snapshot v1, https://goo.gl/fbAQLP

exports[`schema/config.js schema config must match to the snapshot. 1`] = `
Object {
  "components": Object {
    "loggerConfig": Object {
      "additionalProperties": false,
      "id": "loggerConfig",
      "properties": Object {
        "consoleLogLevel": Object {
          "type": "string",
        },
        "fileLogLevel": Object {
          "type": "string",
        },
        "filename": Object {
          "type": "string",
        },
      },
      "required": Array [
        "filename",
        "fileLogLevel",
        "consoleLogLevel",
      ],
      "type": "object",
    },
  },
  "config": Object {
    "additionalProperties": false,
    "default": Object {
      "ipc": false,
    },
    "id": "config",
    "properties": Object {
      "components": Object {
        "additionalProperties": false,
        "properties": Object {
          "logger": Object {
            "$ref": "#/components/loggerConfig",
            "type": "object",
          },
        },
        "required": Array [
          "logger",
        ],
        "type": "object",
      },
      "dirs": Object {
        "additionalProperties": false,
        "properties": Object {
          "modules": Object {
            "type": "string",
          },
          "pids": Object {
            "type": "string",
          },
          "root": Object {
            "type": "string",
          },
          "sockets": Object {
            "type": "string",
          },
          "temp": Object {
            "type": "string",
          },
        },
        "type": "object",
      },
      "ipc": Object {
        "additionalProperties": false,
        "properties": Object {
          "enabled": Object {
            "type": "boolean",
          },
        },
        "type": "object",
      },
      "modules": Object {
        "items": Object {
          "$ref": "#/moduleConfig",
          "type": "object",
        },
        "type": "array",
        "uniqueItems": true,
      },
      "modulesDir": Object {
        "description": "Path where to find the modules. Absolute or relative to executable file.",
        "type": "string",
      },
      "pkg": Object {
        "type": "object",
      },
    },
    "required": Array [
      "modules",
      "components",
    ],
    "type": "object",
  },
  "moduleConfig": Object {
    "additionalProperties": false,
    "id": "moduleConfig",
    "properties": Object {
      "loadAs": Object {
        "enum": Array [
          "child_process",
          "in_memory",
        ],
        "type": "string",
      },
      "npmPackage": Object {
        "type": "string",
      },
      "options": Object {
        "type": "object",
      },
    },
    "required": Array [
      "npmPackage",
      "loadAs",
    ],
    "type": "object",
  },
  "network": Object {
    "additionalProperties": false,
    "default": Object {
      "BLOCK_TIME": 10,
      "EPOCH_TIME": "2016-05-24T17:00:00.000Z",
      "MAX_TRANSACTIONS_PER_BLOCK": 25,
      "REWARDS": Object {
        "DISTANCE": 3000000,
        "MILESTONES": Array [
          "500000000",
          "400000000",
          "300000000",
          "200000000",
          "100000000",
        ],
        "OFFSET": 2160,
      },
    },
    "id": "network",
    "properties": Object {
      "BLOCK_TIME": Object {
        "description": "Slot time interval in seconds",
        "min": 1,
        "type": "number",
      },
      "EPOCH_TIME": Object {
        "description": "Timestamp indicating the start of Lisk Core (\`Date.toISOString()\`)",
        "format": "date-time",
        "type": "string",
      },
      "MAX_TRANSACTIONS_PER_BLOCK": Object {
        "description": "Maximum number of transactions allowed per block",
        "min": 1,
        "type": "integer",
      },
      "REWARDS": Object {
        "additionalProperties": false,
        "description": "Object representing LSK rewards milestone",
        "id": "rewards",
        "properties": Object {
          "DISTANCE": Object {
            "description": "Distance between each milestone",
            "min": 1,
            "type": "integer",
          },
          "MILESTONES": Object {
            "description": "Initial 5, and decreasing until 1",
            "items": Object {
              "format": "amount",
              "type": "string",
            },
            "type": "array",
          },
          "OFFSET": Object {
            "description": "Start rewards at block (n)",
            "min": 1,
            "type": "integer",
          },
        },
        "required": Array [
          "MILESTONES",
          "OFFSET",
          "DISTANCE",
        ],
        "type": "object",
      },
    },
    "required": Array [
      "EPOCH_TIME",
      "BLOCK_TIME",
      "MAX_TRANSACTIONS_PER_BLOCK",
      "REWARDS",
    ],
    "type": "object",
  },
}
`;
